%!Adobe-FontList 1.22
%Locale:0x40c

%BeginFont
Handler:DirectoryHandler
FontType:Invalid
OutlineFileName:C:\Users\egben\Downloads\Font\Axiforma-Black.eot
FileModTime:1547060734
%EndFont

%BeginFont
Handler:DirectoryHandler
FontType:TrueType
FontName:Axiforma-Black
FamilyName:Axiforma
StyleName:Black
FullName:Axiforma-Black
MenuName:Axiforma Black
StyleBits:0
WritingScript:Roman
OutlineFileName:C:\Users\egben\Downloads\Font\Axiforma-Black.ttf
DataFormat:sfntData
hasSVG:no
VariableFontType:NonVariableFont
FileLength:127336
FileModTime:1547060734
WeightClass:900
WidthClass:5
AngleClass:0
NameArray:0,Mac,4,Axiforma-Black
NameArray:0,Win,1,Axiforma Black
NameArray:0,Win,16,Axiforma
%EndFont

%BeginFont
Handler:DirectoryHandler
FontType:Invalid
OutlineFileName:C:\Users\egben\Downloads\Font\Axiforma-Black.woff
FileModTime:1547060734
%EndFont

%BeginFont
Handler:DirectoryHandler
FontType:Invalid
OutlineFileName:C:\Users\egben\Downloads\Font\Axiforma-Black.woff2
FileModTime:1547060734
%EndFont

%BeginFont
Handler:DirectoryHandler
FontType:Invalid
OutlineFileName:C:\Users\egben\Downloads\Font\Axiforma-BlackItalic.eot
FileModTime:1547060736
%EndFont

%BeginFont
Handler:DirectoryHandler
FontType:TrueType
FontName:Axiforma-BlackItalic
FamilyName:Axiforma
StyleName:Black Italic
FullName:Axiforma-BlackItalic
MenuName:Axiforma Black Italic
StyleBits:0
WritingScript:Roman
OutlineFileName:C:\Users\egben\Downloads\Font\Axiforma-BlackItalic.ttf
DataFormat:sfntData
hasSVG:no
VariableFontType:NonVariableFont
FileLength:131888
FileModTime:1547060736
WeightClass:900
WidthClass:5
AngleClass:1
NameArray:0,Mac,4,Axiforma-BlackItalic
NameArray:0,Win,1,Axiforma Black Italic
NameArray:0,Win,16,Axiforma
%EndFont

%BeginFont
Handler:DirectoryHandler
FontType:Invalid
OutlineFileName:C:\Users\egben\Downloads\Font\Axiforma-BlackItalic.woff
FileModTime:1547060736
%EndFont

%BeginFont
Handler:DirectoryHandler
FontType:Invalid
OutlineFileName:C:\Users\egben\Downloads\Font\Axiforma-BlackItalic.woff2
FileModTime:1547060736
%EndFont

%BeginFont
Handler:DirectoryHandler
FontType:Invalid
OutlineFileName:C:\Users\egben\Downloads\Font\Axiforma-Bold.eot
FileModTime:1547060740
%EndFont

%BeginFont
Handler:DirectoryHandler
FontType:TrueType
FontName:Axiforma-Bold
FamilyName:Axiforma
StyleName:Bold
FullName:Axiforma-Bold
MenuName:Axiforma
StyleBits:2
WritingScript:Roman
OutlineFileName:C:\Users\egben\Downloads\Font\Axiforma-Bold.ttf
DataFormat:sfntData
hasSVG:no
VariableFontType:NonVariableFont
FileLength:127532
FileModTime:1547060740
WeightClass:700
WidthClass:5
AngleClass:0
NameArray:0,Mac,4,Axiforma-Bold
NameArray:0,Win,1,Axiforma
%EndFont

%BeginFont
Handler:DirectoryHandler
FontType:Invalid
OutlineFileName:C:\Users\egben\Downloads\Font\Axiforma-Bold.woff
FileModTime:1547060740
%EndFont

%BeginFont
Handler:DirectoryHandler
FontType:Invalid
OutlineFileName:C:\Users\egben\Downloads\Font\Axiforma-Bold.woff2
FileModTime:1547060742
%EndFont

%BeginFont
Handler:DirectoryHandler
FontType:Invalid
OutlineFileName:C:\Users\egben\Downloads\Font\Axiforma-BoldItalic.eot
FileModTime:1547060738
%EndFont

%BeginFont
Handler:DirectoryHandler
FontType:TrueType
FontName:Axiforma-BoldItalic
FamilyName:Axiforma
StyleName:Bold Italic
FullName:Axiforma-BoldItalic
MenuName:Axiforma
StyleBits:3
WritingScript:Roman
OutlineFileName:C:\Users\egben\Downloads\Font\Axiforma-BoldItalic.ttf
DataFormat:sfntData
hasSVG:no
VariableFontType:NonVariableFont
FileLength:132240
FileModTime:1547060738
WeightClass:700
WidthClass:5
AngleClass:1
NameArray:0,Mac,4,Axiforma-BoldItalic
NameArray:0,Win,1,Axiforma
%EndFont

%BeginFont
Handler:DirectoryHandler
FontType:Invalid
OutlineFileName:C:\Users\egben\Downloads\Font\Axiforma-BoldItalic.woff
FileModTime:1547060738
%EndFont

%BeginFont
Handler:DirectoryHandler
FontType:Invalid
OutlineFileName:C:\Users\egben\Downloads\Font\Axiforma-BoldItalic.woff2
FileModTime:1547060738
%EndFont

%BeginFont
Handler:DirectoryHandler
FontType:Invalid
OutlineFileName:C:\Users\egben\Downloads\Font\Axiforma-Book.eot
FileModTime:1547060738
%EndFont

%BeginFont
Handler:DirectoryHandler
FontType:TrueType
FontName:Axiforma-Book
FamilyName:Axiforma
StyleName:Book
FullName:Axiforma-Book
MenuName:Axiforma Book
StyleBits:0
WritingScript:Roman
OutlineFileName:C:\Users\egben\Downloads\Font\Axiforma-Book.ttf
DataFormat:sfntData
hasSVG:no
VariableFontType:NonVariableFont
FileLength:122036
FileModTime:1547060738
WeightClass:300
WidthClass:5
AngleClass:0
NameArray:0,Mac,4,Axiforma-Book
NameArray:0,Win,1,Axiforma Book
NameArray:0,Win,16,Axiforma
%EndFont

%BeginFont
Handler:DirectoryHandler
FontType:Invalid
OutlineFileName:C:\Users\egben\Downloads\Font\Axiforma-Book.woff
FileModTime:1547060738
%EndFont

%BeginFont
Handler:DirectoryHandler
FontType:Invalid
OutlineFileName:C:\Users\egben\Downloads\Font\Axiforma-Book.woff2
FileModTime:1547060740
%EndFont

%BeginFont
Handler:DirectoryHandler
FontType:Invalid
OutlineFileName:C:\Users\egben\Downloads\Font\Axiforma-BookItalic.eot
FileModTime:1547060744
%EndFont

%BeginFont
Handler:DirectoryHandler
FontType:TrueType
FontName:Axiforma-BookItalic
FamilyName:Axiforma
StyleName:Book Italic
FullName:Axiforma-BookItalic
MenuName:Axiforma Book Italic
StyleBits:0
WritingScript:Roman
OutlineFileName:C:\Users\egben\Downloads\Font\Axiforma-BookItalic.ttf
DataFormat:sfntData
hasSVG:no
VariableFontType:NonVariableFont
FileLength:126776
FileModTime:1547060744
WeightClass:300
WidthClass:5
AngleClass:1
NameArray:0,Mac,4,Axiforma-BookItalic
NameArray:0,Win,1,Axiforma Book Italic
NameArray:0,Win,16,Axiforma
%EndFont

%BeginFont
Handler:DirectoryHandler
FontType:Invalid
OutlineFileName:C:\Users\egben\Downloads\Font\Axiforma-BookItalic.woff
FileModTime:1547060744
%EndFont

%BeginFont
Handler:DirectoryHandler
FontType:Invalid
OutlineFileName:C:\Users\egben\Downloads\Font\Axiforma-BookItalic.woff2
FileModTime:1547060744
%EndFont

%BeginFont
Handler:DirectoryHandler
FontType:Invalid
OutlineFileName:C:\Users\egben\Downloads\Font\Axiforma-ExtraBold.eot
FileModTime:1547060744
%EndFont

%BeginFont
Handler:DirectoryHandler
FontType:TrueType
FontName:Axiforma-ExtraBold
FamilyName:Axiforma
StyleName:ExtraBold
FullName:Axiforma-ExtraBold
MenuName:Axiforma ExtraBold
StyleBits:0
WritingScript:Roman
OutlineFileName:C:\Users\egben\Downloads\Font\Axiforma-ExtraBold.ttf
DataFormat:sfntData
hasSVG:no
VariableFontType:NonVariableFont
FileLength:127692
FileModTime:1547060744
WeightClass:800
WidthClass:5
AngleClass:0
NameArray:0,Mac,4,Axiforma-ExtraBold
NameArray:0,Win,1,Axiforma ExtraBold
NameArray:0,Win,16,Axiforma
%EndFont

%BeginFont
Handler:DirectoryHandler
FontType:Invalid
OutlineFileName:C:\Users\egben\Downloads\Font\Axiforma-ExtraBold.woff
FileModTime:1547060744
%EndFont

%BeginFont
Handler:DirectoryHandler
FontType:Invalid
OutlineFileName:C:\Users\egben\Downloads\Font\Axiforma-ExtraBold.woff2
FileModTime:1547060744
%EndFont

%BeginFont
Handler:DirectoryHandler
FontType:Invalid
OutlineFileName:C:\Users\egben\Downloads\Font\Axiforma-ExtraBoldItalic.eot
FileModTime:1547060738
%EndFont

%BeginFont
Handler:DirectoryHandler
FontType:TrueType
FontName:Axiforma-ExtraBoldItalic
FamilyName:Axiforma
StyleName:ExtraBold Italic
FullName:Axiforma-ExtraBoldItalic
MenuName:Axiforma ExtraBold Italic
StyleBits:0
WritingScript:Roman
OutlineFileName:C:\Users\egben\Downloads\Font\Axiforma-ExtraBoldItalic.ttf
DataFormat:sfntData
hasSVG:no
VariableFontType:NonVariableFont
FileLength:132424
FileModTime:1547060738
WeightClass:800
WidthClass:5
AngleClass:1
NameArray:0,Mac,4,Axiforma-ExtraBoldItalic
NameArray:0,Win,1,Axiforma ExtraBold Italic
NameArray:0,Win,16,Axiforma
%EndFont

%BeginFont
Handler:DirectoryHandler
FontType:Invalid
OutlineFileName:C:\Users\egben\Downloads\Font\Axiforma-ExtraBoldItalic.woff
FileModTime:1547060738
%EndFont

%BeginFont
Handler:DirectoryHandler
FontType:Invalid
OutlineFileName:C:\Users\egben\Downloads\Font\Axiforma-ExtraBoldItalic.woff2
FileModTime:1547060738
%EndFont

%BeginFont
Handler:DirectoryHandler
FontType:Invalid
OutlineFileName:C:\Users\egben\Downloads\Font\Axiforma-Heavy.eot
FileModTime:1547060736
%EndFont

%BeginFont
Handler:DirectoryHandler
FontType:TrueType
FontName:Axiforma-Heavy
FamilyName:Axiforma
StyleName:Heavy
FullName:Axiforma-Heavy
MenuName:Axiforma Heavy
StyleBits:0
WritingScript:Roman
OutlineFileName:C:\Users\egben\Downloads\Font\Axiforma-Heavy.ttf
DataFormat:sfntData
hasSVG:no
VariableFontType:NonVariableFont
FileLength:122776
FileModTime:1547060736
WeightClass:950
WidthClass:5
AngleClass:0
NameArray:0,Mac,4,Axiforma-Heavy
NameArray:0,Win,1,Axiforma Heavy
NameArray:0,Win,16,Axiforma
%EndFont

%BeginFont
Handler:DirectoryHandler
FontType:Invalid
OutlineFileName:C:\Users\egben\Downloads\Font\Axiforma-Heavy.woff
FileModTime:1547060736
%EndFont

%BeginFont
Handler:DirectoryHandler
FontType:Invalid
OutlineFileName:C:\Users\egben\Downloads\Font\Axiforma-Heavy.woff2
FileModTime:1547060736
%EndFont

%BeginFont
Handler:DirectoryHandler
FontType:Invalid
OutlineFileName:C:\Users\egben\Downloads\Font\Axiforma-HeavyItalic.eot
FileModTime:1547060746
%EndFont

%BeginFont
Handler:DirectoryHandler
FontType:TrueType
FontName:Axiforma-HeavyItalic
FamilyName:Axiforma
StyleName:Heavy Italic
FullName:Axiforma-HeavyItalic
MenuName:Axiforma Heavy Italic
StyleBits:0
WritingScript:Roman
OutlineFileName:C:\Users\egben\Downloads\Font\Axiforma-HeavyItalic.ttf
DataFormat:sfntData
hasSVG:no
VariableFontType:NonVariableFont
FileLength:127700
FileModTime:1547060746
WeightClass:950
WidthClass:5
AngleClass:1
NameArray:0,Mac,4,Axiforma-HeavyItalic
NameArray:0,Win,1,Axiforma Heavy Italic
NameArray:0,Win,16,Axiforma
%EndFont

%BeginFont
Handler:DirectoryHandler
FontType:Invalid
OutlineFileName:C:\Users\egben\Downloads\Font\Axiforma-HeavyItalic.woff
FileModTime:1547060746
%EndFont

%BeginFont
Handler:DirectoryHandler
FontType:Invalid
OutlineFileName:C:\Users\egben\Downloads\Font\Axiforma-HeavyItalic.woff2
FileModTime:1547060746
%EndFont

%BeginFont
Handler:DirectoryHandler
FontType:Invalid
OutlineFileName:C:\Users\egben\Downloads\Font\Axiforma-Italic.eot
FileModTime:1547060744
%EndFont

%BeginFont
Handler:DirectoryHandler
FontType:TrueType
FontName:Axiforma-Italic
FamilyName:Axiforma
StyleName:Italic
FullName:Axiforma-Italic
MenuName:Axiforma
StyleBits:1
WritingScript:Roman
OutlineFileName:C:\Users\egben\Downloads\Font\Axiforma-Italic.ttf
DataFormat:sfntData
hasSVG:no
VariableFontType:NonVariableFont
FileLength:132792
FileModTime:1547060742
WeightClass:400
WidthClass:5
AngleClass:1
NameArray:0,Mac,4,Axiforma-Italic
NameArray:0,Win,1,Axiforma
%EndFont

%BeginFont
Handler:DirectoryHandler
FontType:Invalid
OutlineFileName:C:\Users\egben\Downloads\Font\Axiforma-Italic.woff
FileModTime:1547060744
%EndFont

%BeginFont
Handler:DirectoryHandler
FontType:Invalid
OutlineFileName:C:\Users\egben\Downloads\Font\Axiforma-Italic.woff2
FileModTime:1547060744
%EndFont

%BeginFont
Handler:DirectoryHandler
FontType:Invalid
OutlineFileName:C:\Users\egben\Downloads\Font\Axiforma-Light.eot
FileModTime:1547060740
%EndFont

%BeginFont
Handler:DirectoryHandler
FontType:TrueType
FontName:Axiforma-Light
FamilyName:Axiforma
StyleName:Light
FullName:Axiforma-Light
MenuName:Axiforma Light
StyleBits:0
WritingScript:Roman
OutlineFileName:C:\Users\egben\Downloads\Font\Axiforma-Light.ttf
DataFormat:sfntData
hasSVG:no
VariableFontType:NonVariableFont
FileLength:124972
FileModTime:1547060740
WeightClass:300
WidthClass:5
AngleClass:0
NameArray:0,Mac,4,Axiforma-Light
NameArray:0,Win,1,Axiforma Light
NameArray:0,Win,16,Axiforma
%EndFont

%BeginFont
Handler:DirectoryHandler
FontType:Invalid
OutlineFileName:C:\Users\egben\Downloads\Font\Axiforma-Light.woff
FileModTime:1547060740
%EndFont

%BeginFont
Handler:DirectoryHandler
FontType:Invalid
OutlineFileName:C:\Users\egben\Downloads\Font\Axiforma-Light.woff2
FileModTime:1547060740
%EndFont

%BeginFont
Handler:DirectoryHandler
FontType:Invalid
OutlineFileName:C:\Users\egben\Downloads\Font\Axiforma-LightItalic.eot
FileModTime:1547060742
%EndFont

%BeginFont
Handler:DirectoryHandler
FontType:TrueType
FontName:Axiforma-LightItalic
FamilyName:Axiforma
StyleName:Light Italic
FullName:Axiforma-LightItalic
MenuName:Axiforma Light Italic
StyleBits:0
WritingScript:Roman
OutlineFileName:C:\Users\egben\Downloads\Font\Axiforma-LightItalic.ttf
DataFormat:sfntData
hasSVG:no
VariableFontType:NonVariableFont
FileLength:129352
FileModTime:1547060742
WeightClass:300
WidthClass:5
AngleClass:1
NameArray:0,Mac,4,Axiforma-LightItalic
NameArray:0,Win,1,Axiforma Light Italic
NameArray:0,Win,16,Axiforma
%EndFont

%BeginFont
Handler:DirectoryHandler
FontType:Invalid
OutlineFileName:C:\Users\egben\Downloads\Font\Axiforma-LightItalic.woff
FileModTime:1547060742
%EndFont

%BeginFont
Handler:DirectoryHandler
FontType:Invalid
OutlineFileName:C:\Users\egben\Downloads\Font\Axiforma-LightItalic.woff2
FileModTime:1547060742
%EndFont

%BeginFont
Handler:DirectoryHandler
FontType:Invalid
OutlineFileName:C:\Users\egben\Downloads\Font\Axiforma-Medium.eot
FileModTime:1547060736
%EndFont

%BeginFont
Handler:DirectoryHandler
FontType:TrueType
FontName:Axiforma-Medium
FamilyName:Axiforma
StyleName:Medium
FullName:Axiforma-Medium
MenuName:Axiforma Medium
StyleBits:0
WritingScript:Roman
OutlineFileName:C:\Users\egben\Downloads\Font\Axiforma-Medium.ttf
DataFormat:sfntData
hasSVG:no
VariableFontType:NonVariableFont
FileLength:128496
FileModTime:1547060736
WeightClass:500
WidthClass:5
AngleClass:0
NameArray:0,Mac,4,Axiforma-Medium
NameArray:0,Win,1,Axiforma Medium
NameArray:0,Win,16,Axiforma
%EndFont

%BeginFont
Handler:DirectoryHandler
FontType:Invalid
OutlineFileName:C:\Users\egben\Downloads\Font\Axiforma-Medium.woff
FileModTime:1547060736
%EndFont

%BeginFont
Handler:DirectoryHandler
FontType:Invalid
OutlineFileName:C:\Users\egben\Downloads\Font\Axiforma-Medium.woff2
FileModTime:1547060736
%EndFont

%BeginFont
Handler:DirectoryHandler
FontType:Invalid
OutlineFileName:C:\Users\egben\Downloads\Font\Axiforma-MediumItalic.eot
FileModTime:1547060734
%EndFont

%BeginFont
Handler:DirectoryHandler
FontType:TrueType
FontName:Axiforma-MediumItalic
FamilyName:Axiforma
StyleName:Medium Italic
FullName:Axiforma-MediumItalic
MenuName:Axiforma Medium Italic
StyleBits:0
WritingScript:Roman
OutlineFileName:C:\Users\egben\Downloads\Font\Axiforma-MediumItalic.ttf
DataFormat:sfntData
hasSVG:no
VariableFontType:NonVariableFont
FileLength:132992
FileModTime:1547060734
WeightClass:500
WidthClass:5
AngleClass:1
NameArray:0,Mac,4,Axiforma-MediumItalic
NameArray:0,Win,1,Axiforma Medium Italic
NameArray:0,Win,16,Axiforma
%EndFont

%BeginFont
Handler:DirectoryHandler
FontType:Invalid
OutlineFileName:C:\Users\egben\Downloads\Font\Axiforma-MediumItalic.woff
FileModTime:1547060734
%EndFont

%BeginFont
Handler:DirectoryHandler
FontType:Invalid
OutlineFileName:C:\Users\egben\Downloads\Font\Axiforma-MediumItalic.woff2
FileModTime:1547060734
%EndFont

%BeginFont
Handler:DirectoryHandler
FontType:Invalid
OutlineFileName:C:\Users\egben\Downloads\Font\Axiforma-Regular.eot
FileModTime:1547060732
%EndFont

%BeginFont
Handler:DirectoryHandler
FontType:TrueType
FontName:Axiforma-Regular
FamilyName:Axiforma
StyleName:Regular
FullName:Axiforma-Regular
MenuName:Axiforma
StyleBits:0
WritingScript:Roman
OutlineFileName:C:\Users\egben\Downloads\Font\Axiforma-Regular.ttf
DataFormat:sfntData
hasSVG:no
VariableFontType:NonVariableFont
FileLength:128116
FileModTime:1547060732
WeightClass:400
WidthClass:5
AngleClass:0
NameArray:0,Mac,4,Axiforma-Regular
NameArray:0,Win,1,Axiforma
%EndFont

%BeginFont
Handler:DirectoryHandler
FontType:Invalid
OutlineFileName:C:\Users\egben\Downloads\Font\Axiforma-Regular.woff
FileModTime:1547060732
%EndFont

%BeginFont
Handler:DirectoryHandler
FontType:Invalid
OutlineFileName:C:\Users\egben\Downloads\Font\Axiforma-Regular.woff2
FileModTime:1547060734
%EndFont

%BeginFont
Handler:DirectoryHandler
FontType:Invalid
OutlineFileName:C:\Users\egben\Downloads\Font\Axiforma-SemiBold.eot
FileModTime:1547060732
%EndFont

%BeginFont
Handler:DirectoryHandler
FontType:TrueType
FontName:Axiforma-SemiBold
FamilyName:Axiforma
StyleName:SemiBold
FullName:Axiforma-SemiBold
MenuName:Axiforma SemiBold
StyleBits:0
WritingScript:Roman
OutlineFileName:C:\Users\egben\Downloads\Font\Axiforma-SemiBold.ttf
DataFormat:sfntData
hasSVG:no
VariableFontType:NonVariableFont
FileLength:127940
FileModTime:1547060732
WeightClass:600
WidthClass:5
AngleClass:0
NameArray:0,Mac,4,Axiforma-SemiBold
NameArray:0,Win,1,Axiforma SemiBold
NameArray:0,Win,16,Axiforma
%EndFont

%BeginFont
Handler:DirectoryHandler
FontType:Invalid
OutlineFileName:C:\Users\egben\Downloads\Font\Axiforma-SemiBold.woff
FileModTime:1547060732
%EndFont

%BeginFont
Handler:DirectoryHandler
FontType:Invalid
OutlineFileName:C:\Users\egben\Downloads\Font\Axiforma-SemiBold.woff2
FileModTime:1547060732
%EndFont

%BeginFont
Handler:DirectoryHandler
FontType:Invalid
OutlineFileName:C:\Users\egben\Downloads\Font\Axiforma-SemiBoldItalic.eot
FileModTime:1547060742
%EndFont

%BeginFont
Handler:DirectoryHandler
FontType:TrueType
FontName:Axiforma-SemiBoldItalic
FamilyName:Axiforma
StyleName:SemiBold Italic
FullName:Axiforma-SemiBoldItalic
MenuName:Axiforma SemiBold Italic
StyleBits:0
WritingScript:Roman
OutlineFileName:C:\Users\egben\Downloads\Font\Axiforma-SemiBoldItalic.ttf
DataFormat:sfntData
hasSVG:no
VariableFontType:NonVariableFont
FileLength:132884
FileModTime:1547060742
WeightClass:600
WidthClass:5
AngleClass:1
NameArray:0,Mac,4,Axiforma-SemiBoldItalic
NameArray:0,Win,1,Axiforma SemiBold Italic
NameArray:0,Win,16,Axiforma
%EndFont

%BeginFont
Handler:DirectoryHandler
FontType:Invalid
OutlineFileName:C:\Users\egben\Downloads\Font\Axiforma-SemiBoldItalic.woff
FileModTime:1547060742
%EndFont

%BeginFont
Handler:DirectoryHandler
FontType:Invalid
OutlineFileName:C:\Users\egben\Downloads\Font\Axiforma-SemiBoldItalic.woff2
FileModTime:1547060742
%EndFont

%BeginFont
Handler:DirectoryHandler
FontType:Invalid
OutlineFileName:C:\Users\egben\Downloads\Font\Axiforma-Thin.eot
FileModTime:1547060732
%EndFont

%BeginFont
Handler:DirectoryHandler
FontType:TrueType
FontName:Axiforma-Thin
FamilyName:Axiforma
StyleName:Thin
FullName:Axiforma-Thin
MenuName:Axiforma Thin
StyleBits:0
WritingScript:Roman
OutlineFileName:C:\Users\egben\Downloads\Font\Axiforma-Thin.ttf
DataFormat:sfntData
hasSVG:no
VariableFontType:NonVariableFont
FileLength:122700
FileModTime:1547060732
WeightClass:250
WidthClass:5
AngleClass:0
NameArray:0,Mac,4,Axiforma-Thin
NameArray:0,Win,1,Axiforma Thin
NameArray:0,Win,16,Axiforma
%EndFont

%BeginFont
Handler:DirectoryHandler
FontType:Invalid
OutlineFileName:C:\Users\egben\Downloads\Font\Axiforma-Thin.woff
FileModTime:1547060732
%EndFont

%BeginFont
Handler:DirectoryHandler
FontType:Invalid
OutlineFileName:C:\Users\egben\Downloads\Font\Axiforma-Thin.woff2
FileModTime:1547060732
%EndFont

%BeginFont
Handler:DirectoryHandler
FontType:Invalid
OutlineFileName:C:\Users\egben\Downloads\Font\Axiforma-ThinItalic.eot
FileModTime:1547060740
%EndFont

%BeginFont
Handler:DirectoryHandler
FontType:TrueType
FontName:Axiforma-ThinItalic
FamilyName:Axiforma
StyleName:Thin Italic
FullName:Axiforma-ThinItalic
MenuName:Axiforma Thin Italic
StyleBits:0
WritingScript:Roman
OutlineFileName:C:\Users\egben\Downloads\Font\Axiforma-ThinItalic.ttf
DataFormat:sfntData
hasSVG:no
VariableFontType:NonVariableFont
FileLength:127648
FileModTime:1547060740
WeightClass:250
WidthClass:5
AngleClass:1
NameArray:0,Mac,4,Axiforma-ThinItalic
NameArray:0,Win,1,Axiforma Thin Italic
NameArray:0,Win,16,Axiforma
%EndFont

%BeginFont
Handler:DirectoryHandler
FontType:Invalid
OutlineFileName:C:\Users\egben\Downloads\Font\Axiforma-ThinItalic.woff
FileModTime:1547060740
%EndFont

%BeginFont
Handler:DirectoryHandler
FontType:Invalid
OutlineFileName:C:\Users\egben\Downloads\Font\Axiforma-ThinItalic.woff2
FileModTime:1547060740
%EndFont

%BeginFont
Handler:DirectoryHandler
FontType:Invalid
OutlineFileName:C:\Users\egben\Downloads\Font\demo.html
FileModTime:1547060746
%EndFont

%BeginFont
Handler:DirectoryHandler
FontType:Invalid
OutlineFileName:C:\Users\egben\Downloads\Font\stylesheet.css
FileModTime:1547060746
%EndFont

